// Jest Snapshot v1, https://goo.gl/fbAQLP

exports[`ProductImage should render component 1`] = `
<img
  alt="Product"
  className="productImg custom class"
  src="test"
/>
`;

exports[`ProductImage should render with product name 1`] = `
<div
  className="productCard custom class"
>
  <img
    alt="Product"
    className="productImg undefined"
    src="./coffee-mug.png"
  />
</div>
`;
